2024-11-24 15:23:00 | INFO | repo=esp-idf | action=test | passed=true
2025-03-21 15:01:00 | DEBUG | repo=esp-idf | action=commit
2024-11-10 16:52:00 | DEBUG | repo=esp-idf | action=test | passed=true
2025-05-21 10:14:00 | DEBUG | repo=esp-idf | action=edit | files=2
2024-01-18 21:39:00 | WARN | repo=esp-idf | action=edit | files=4
2025-08-03 07:08:00 | WARN | repo=esp-idf | action=edit | files=1
2025-05-12 11:28:00 | DEBUG | repo=esp-idf | action=commit
2024-03-03 14:41:00 | INFO | repo=esp-idf | action=commit
2024-11-22 21:17:00 | WARN | repo=esp-idf | action=commit
2025-02-25 17:57:00 | INFO | repo=esp-idf | action=commit
2024-09-12 18:30:00 | WARN | repo=esp-idf | action=test | passed=true
2024-03-07 07:31:00 | INFO | repo=esp-idf | action=edit | files=2
2024-11-09 07:40:00 | WARN | repo=esp-idf | action=test | passed=true
2025-04-22 19:47:00 | WARN | repo=esp-idf | action=commit
2024-06-02 11:27:00 | WARN | repo=esp-idf | action=commit
2024-04-17 08:19:00 | INFO | repo=esp-idf | action=commit
2025-02-02 14:39:00 | WARN | repo=esp-idf | action=commit
2025-11-20 15:43:00 | WARN | repo=esp-idf | action=commit
2025-09-28 16:06:00 | DEBUG | repo=esp-idf | action=commit
2024-04-27 12:54:00 | INFO | repo=esp-idf | action=commit
2025-03-04 20:01:00 | DEBUG | repo=esp-idf | action=commit
2025-08-06 15:00:00 | INFO | repo=esp-idf | action=commit
2024-06-06 11:31:00 | INFO | repo=esp-idf | action=commit
2025-04-18 09:44:00 | DEBUG | repo=esp-idf | action=commit
2025-02-01 19:03:00 | WARN | repo=esp-idf | action=edit | files=3
2025-01-23 07:20:00 | INFO | repo=esp-idf | action=commit
2025-12-10 17:27:00 | WARN | repo=esp-idf | action=test | passed=true
2025-12-22 18:18:00 | DEBUG | repo=esp-idf | action=commit
2025-06-04 16:37:00 | DEBUG | repo=esp-idf | action=commit
2025-05-07 13:34:00 | WARN | repo=esp-idf | action=commit
2025-10-05 07:01:00 | INFO | repo=esp-idf | action=commit
2025-06-23 18:26:00 | INFO | repo=esp-idf | action=pull
2025-09-21 15:21:00 | WARN | repo=esp-idf | action=edit | files=2
2025-05-13 13:13:00 | WARN | repo=esp-idf | action=commit
2025-04-15 20:23:00 | WARN | repo=esp-idf | action=commit
2025-07-21 10:53:00 | INFO | repo=esp-idf | action=edit | files=5
2025-10-15 12:49:00 | INFO | repo=esp-idf | action=commit
